16:18:14 **** Auto Build of configuration Debug for project hash ****
make pre-build main-build 
a9-linaro-pre-build-step
' '
'Building file: ../src/main.c'
'Invoking: ARM v7 gcc compiler'
arm-none-eabi-gcc -Wall -O0 -g3 -c -fmessage-length=0 -MT"src/main.o" -mcpu=cortex-a9 -mfpu=vfpv3 -mfloat-abi=hard -I../../hash_bsp/ps7_cortexa9_0/include -MMD -MP -MF"src/main.d" -MT"src/main.o" -o "src/main.o" "../src/main.c"
../src/main.c: In function 'hashstr':
../src/main.c:14:9: warning: suggest parentheses around assignment used as truth value [-Wparentheses]
  while (c = *str++) {
         ^
'Finished building: ../src/main.c'
' '
'Building target: hash.elf'
'Invoking: ARM v7 gcc linker'
arm-none-eabi-gcc -mcpu=cortex-a9 -mfpu=vfpv3 -mfloat-abi=hard -Wl,-build-id=none -specs=Xilinx.spec -Wl,-T -Wl,../src/lscript.ld -L../../hash_bsp/ps7_cortexa9_0/lib -o "hash.elf"  ./src/main.o   -Wl,--start-group,-lxil,-lgcc,-lc,--end-group
'Finished building target: hash.elf'
' '
'Invoking: ARM v7 Print Size'
arm-none-eabi-size hash.elf  |tee "hash.elf.size"
   text	   data	    bss	    dec	    hex	filename
  23688	   1168	  22600	  47456	   b960	hash.elf
'Finished building: hash.elf.size'
' '

16:18:15 Build Finished (took 598ms)

